
*** Running vivado
    with args -log TRNG_BOCK_wrapper.vdi -applog -m64 -product Vivado -messageDb vivado.pb -mode batch -source TRNG_BOCK_wrapper.tcl -notrace


****** Vivado v2018.2 (64-bit)
  **** SW Build 2258646 on Thu Jun 14 20:03:12 MDT 2018
  **** IP Build 2256618 on Thu Jun 14 22:10:49 MDT 2018
    ** Copyright 1986-2018 Xilinx, Inc. All Rights Reserved.

source TRNG_BOCK_wrapper.tcl -notrace
INFO: [IP_Flow 19-234] Refreshing IP repositories
INFO: [IP_Flow 19-1700] Loaded user IP repository 'c:/Users/Admin/Documents/vivado/exercise/ip_repo/TRNG_IP_1.0'.
INFO: [IP_Flow 19-2313] Loaded Vivado IP repository 'C:/Users/Admin/Documents/vivado/Vivado/2018.2/data/ip'.
Command: link_design -top TRNG_BOCK_wrapper -part xc7z020clg400-1
Design is defaulting to srcset: sources_1
Design is defaulting to constrset: constrs_1
INFO: [Netlist 29-17] Analyzing 18 Unisim elements for replacement
INFO: [Netlist 29-28] Unisim Transformation completed in 0 CPU seconds
INFO: [Project 1-479] Netlist was created with Vivado 2018.2
INFO: [Device 21-403] Loading part xc7z020clg400-1
INFO: [Project 1-570] Preparing netlist for logic optimization
Parsing XDC File [c:/Users/Admin/Documents/vivado/exercise/TRNG/TRNG.srcs/sources_1/bd/TRNG_BOCK/ip/TRNG_BOCK_processing_system7_0_0/TRNG_BOCK_processing_system7_0_0.xdc] for cell 'TRNG_BOCK_i/processing_system7_0/inst'
Finished Parsing XDC File [c:/Users/Admin/Documents/vivado/exercise/TRNG/TRNG.srcs/sources_1/bd/TRNG_BOCK/ip/TRNG_BOCK_processing_system7_0_0/TRNG_BOCK_processing_system7_0_0.xdc] for cell 'TRNG_BOCK_i/processing_system7_0/inst'
Parsing XDC File [c:/Users/Admin/Documents/vivado/exercise/TRNG/TRNG.srcs/sources_1/bd/TRNG_BOCK/ip/TRNG_BOCK_rst_ps7_0_100M_0/TRNG_BOCK_rst_ps7_0_100M_0_board.xdc] for cell 'TRNG_BOCK_i/rst_ps7_0_100M/U0'
Finished Parsing XDC File [c:/Users/Admin/Documents/vivado/exercise/TRNG/TRNG.srcs/sources_1/bd/TRNG_BOCK/ip/TRNG_BOCK_rst_ps7_0_100M_0/TRNG_BOCK_rst_ps7_0_100M_0_board.xdc] for cell 'TRNG_BOCK_i/rst_ps7_0_100M/U0'
Parsing XDC File [c:/Users/Admin/Documents/vivado/exercise/TRNG/TRNG.srcs/sources_1/bd/TRNG_BOCK/ip/TRNG_BOCK_rst_ps7_0_100M_0/TRNG_BOCK_rst_ps7_0_100M_0.xdc] for cell 'TRNG_BOCK_i/rst_ps7_0_100M/U0'
Finished Parsing XDC File [c:/Users/Admin/Documents/vivado/exercise/TRNG/TRNG.srcs/sources_1/bd/TRNG_BOCK/ip/TRNG_BOCK_rst_ps7_0_100M_0/TRNG_BOCK_rst_ps7_0_100M_0.xdc] for cell 'TRNG_BOCK_i/rst_ps7_0_100M/U0'
Parsing XDC File [C:/Users/Admin/Documents/Chaos_Based_Symmetric_Image_Encryption/vivado/Arty-Z7-20-Master.xdc]
WARNING: [Vivado 12-584] No ports matched 'en_0'. [C:/Users/Admin/Documents/Chaos_Based_Symmetric_Image_Encryption/vivado/Arty-Z7-20-Master.xdc:11]
CRITICAL WARNING: [Common 17-55] 'set_property' expects at least one object. [C:/Users/Admin/Documents/Chaos_Based_Symmetric_Image_Encryption/vivado/Arty-Z7-20-Master.xdc:11]
Resolution: If [get_<value>] was used to populate the object, check to make sure this command returns at least one valid object.
Finished Parsing XDC File [C:/Users/Admin/Documents/Chaos_Based_Symmetric_Image_Encryption/vivado/Arty-Z7-20-Master.xdc]
INFO: [Opt 31-138] Pushed 0 inverter(s) to 0 load pin(s).
INFO: [Project 1-111] Unisim Transformation Summary:
No Unisim elements were transformed.

10 Infos, 1 Warnings, 1 Critical Warnings and 0 Errors encountered.
link_design completed successfully
link_design: Time (s): cpu = 00:00:10 ; elapsed = 00:00:18 . Memory (MB): peak = 645.113 ; gain = 377.133
Command: opt_design
Attempting to get a license for feature 'Implementation' and/or device 'xc7z020'
INFO: [Common 17-349] Got license for feature 'Implementation' and/or device 'xc7z020'
Running DRC as a precondition to command opt_design

Starting DRC Task
INFO: [DRC 23-27] Running DRC with 2 threads
INFO: [Project 1-461] DRC finished with 0 Errors
INFO: [Project 1-462] Please refer to the DRC report (report_drc) for more information.

Time (s): cpu = 00:00:01 ; elapsed = 00:00:00.773 . Memory (MB): peak = 653.891 ; gain = 8.777

Starting Cache Timing Information Task
INFO: [Timing 38-35] Done setting XDC timing constraints.
Ending Cache Timing Information Task | Checksum: 1214b182f

Time (s): cpu = 00:00:10 ; elapsed = 00:00:15 . Memory (MB): peak = 1188.070 ; gain = 534.180

Starting Logic Optimization Task

Phase 1 Retarget
INFO: [Opt 31-138] Pushed 0 inverter(s) to 0 load pin(s).
INFO: [Opt 31-49] Retargeted 0 cell(s).
Phase 1 Retarget | Checksum: 20e4aea58

Time (s): cpu = 00:00:00 ; elapsed = 00:00:00.205 . Memory (MB): peak = 1188.070 ; gain = 0.000
INFO: [Opt 31-389] Phase Retarget created 0 cells and removed 0 cells

Phase 2 Constant propagation
INFO: [Opt 31-138] Pushed 0 inverter(s) to 0 load pin(s).
Phase 2 Constant propagation | Checksum: 1e6afa333

Time (s): cpu = 00:00:00 ; elapsed = 00:00:00.265 . Memory (MB): peak = 1188.070 ; gain = 0.000
INFO: [Opt 31-389] Phase Constant propagation created 0 cells and removed 8 cells

Phase 3 Sweep
Phase 3 Sweep | Checksum: 19a17e083

Time (s): cpu = 00:00:00 ; elapsed = 00:00:00.750 . Memory (MB): peak = 1188.070 ; gain = 0.000
INFO: [Opt 31-389] Phase Sweep created 0 cells and removed 389 cells

Phase 4 BUFG optimization
Phase 4 BUFG optimization | Checksum: 19a17e083

Time (s): cpu = 00:00:00 ; elapsed = 00:00:00.837 . Memory (MB): peak = 1188.070 ; gain = 0.000
INFO: [Opt 31-662] Phase BUFG optimization created 0 cells of which 0 are BUFGs and removed 0 cells.

Phase 5 Shift Register Optimization
Phase 5 Shift Register Optimization | Checksum: d600f149

Time (s): cpu = 00:00:00 ; elapsed = 00:00:01 . Memory (MB): peak = 1188.070 ; gain = 0.000
INFO: [Opt 31-389] Phase Shift Register Optimization created 0 cells and removed 0 cells

Phase 6 Post Processing Netlist
Phase 6 Post Processing Netlist | Checksum: d600f149

Time (s): cpu = 00:00:00 ; elapsed = 00:00:01 . Memory (MB): peak = 1188.070 ; gain = 0.000
INFO: [Opt 31-389] Phase Post Processing Netlist created 0 cells and removed 0 cells

Starting Connectivity Check Task

Time (s): cpu = 00:00:00 ; elapsed = 00:00:00.005 . Memory (MB): peak = 1188.070 ; gain = 0.000
Ending Logic Optimization Task | Checksum: d600f149

Time (s): cpu = 00:00:00 ; elapsed = 00:00:01 . Memory (MB): peak = 1188.070 ; gain = 0.000

Starting Power Optimization Task
INFO: [Pwropt 34-132] Skipping clock gating for clocks with a period < 2.00 ns.
Ending Power Optimization Task | Checksum: d600f149

Time (s): cpu = 00:00:01 ; elapsed = 00:00:00.016 . Memory (MB): peak = 1188.070 ; gain = 0.000

Starting Final Cleanup Task
Ending Final Cleanup Task | Checksum: d600f149

Time (s): cpu = 00:00:00 ; elapsed = 00:00:00 . Memory (MB): peak = 1188.070 ; gain = 0.000
INFO: [Common 17-83] Releasing license: Implementation
26 Infos, 1 Warnings, 1 Critical Warnings and 0 Errors encountered.
opt_design completed successfully
opt_design: Time (s): cpu = 00:00:12 ; elapsed = 00:00:17 . Memory (MB): peak = 1188.070 ; gain = 542.957
INFO: [Timing 38-480] Writing timing data to binary archive.
Writing placer database...
Writing XDEF routing.
Writing XDEF routing logical nets.
Writing XDEF routing special nets.
Write XDEF Complete: Time (s): cpu = 00:00:00 ; elapsed = 00:00:00.083 . Memory (MB): peak = 1188.070 ; gain = 0.000
INFO: [Common 17-1381] The checkpoint 'C:/Users/Admin/Documents/vivado/exercise/TRNG/TRNG.runs/impl_1/TRNG_BOCK_wrapper_opt.dcp' has been generated.
INFO: [runtcl-4] Executing : report_drc -file TRNG_BOCK_wrapper_drc_opted.rpt -pb TRNG_BOCK_wrapper_drc_opted.pb -rpx TRNG_BOCK_wrapper_drc_opted.rpx
Command: report_drc -file TRNG_BOCK_wrapper_drc_opted.rpt -pb TRNG_BOCK_wrapper_drc_opted.pb -rpx TRNG_BOCK_wrapper_drc_opted.rpx
INFO: [DRC 23-27] Running DRC with 2 threads
INFO: [Coretcl 2-168] The results of DRC are in file C:/Users/Admin/Documents/vivado/exercise/TRNG/TRNG.runs/impl_1/TRNG_BOCK_wrapper_drc_opted.rpt.
report_drc completed successfully
Command: place_design
Attempting to get a license for feature 'Implementation' and/or device 'xc7z020'
INFO: [Common 17-349] Got license for feature 'Implementation' and/or device 'xc7z020'
INFO: [DRC 23-27] Running DRC with 2 threads
INFO: [Vivado_Tcl 4-198] DRC finished with 0 Errors
INFO: [Vivado_Tcl 4-199] Please refer to the DRC report (report_drc) for more information.
Running DRC as a precondition to command place_design
INFO: [DRC 23-27] Running DRC with 2 threads
INFO: [Vivado_Tcl 4-198] DRC finished with 0 Errors
INFO: [Vivado_Tcl 4-199] Please refer to the DRC report (report_drc) for more information.

Starting Placer Task
INFO: [Place 30-611] Multithreading enabled for place_design using a maximum of 2 CPUs

Phase 1 Placer Initialization

Phase 1.1 Placer Initialization Netlist Sorting
Netlist sorting complete. Time (s): cpu = 00:00:00 ; elapsed = 00:00:00.003 . Memory (MB): peak = 1188.070 ; gain = 0.000
Phase 1.1 Placer Initialization Netlist Sorting | Checksum: c82436c6

Time (s): cpu = 00:00:00 ; elapsed = 00:00:00.010 . Memory (MB): peak = 1188.070 ; gain = 0.000
Netlist sorting complete. Time (s): cpu = 00:00:01 ; elapsed = 00:00:00.003 . Memory (MB): peak = 1188.070 ; gain = 0.000

Phase 1.2 IO Placement/ Clock Placement/ Build Placer Device
INFO: [Timing 38-35] Done setting XDC timing constraints.
Phase 1.2 IO Placement/ Clock Placement/ Build Placer Device | Checksum: 3aef2209

Time (s): cpu = 00:00:02 ; elapsed = 00:00:03 . Memory (MB): peak = 1190.910 ; gain = 2.840

Phase 1.3 Build Placer Netlist Model
Phase 1.3 Build Placer Netlist Model | Checksum: 365e2331

Time (s): cpu = 00:00:02 ; elapsed = 00:00:03 . Memory (MB): peak = 1193.059 ; gain = 4.988

Phase 1.4 Constrain Clocks/Macros
Phase 1.4 Constrain Clocks/Macros | Checksum: 365e2331

Time (s): cpu = 00:00:02 ; elapsed = 00:00:03 . Memory (MB): peak = 1193.059 ; gain = 4.988
Phase 1 Placer Initialization | Checksum: 365e2331

Time (s): cpu = 00:00:02 ; elapsed = 00:00:03 . Memory (MB): peak = 1193.059 ; gain = 4.988

Phase 2 Global Placement

Phase 2.1 Floorplanning
Phase 2.1 Floorplanning | Checksum: e0e7e970

Time (s): cpu = 00:00:02 ; elapsed = 00:00:03 . Memory (MB): peak = 1193.059 ; gain = 4.988

Phase 2.2 Physical Synthesis In Placer
INFO: [Physopt 32-65] No nets found for high-fanout optimization.
INFO: [Physopt 32-232] Optimized 0 net. Created 0 new instance.
INFO: [Physopt 32-775] End 1 Pass. Optimized 0 net or cell. Created 0 new cell, deleted 0 existing cell and moved 0 existing cell
Netlist sorting complete. Time (s): cpu = 00:00:00 ; elapsed = 00:00:00.004 . Memory (MB): peak = 1193.059 ; gain = 0.000

Summary of Physical Synthesis Optimizations
============================================


-----------------------------------------------------------------------------------------------------------------------------
|  Optimization       |  Added Cells  |  Removed Cells  |  Optimized Cells/Nets  |  Dont Touch  |  Iterations  |  Elapsed   |
-----------------------------------------------------------------------------------------------------------------------------
|  Very High Fanout   |            0  |              0  |                     0  |           0  |           1  |  00:00:00  |
|  Total              |            0  |              0  |                     0  |           0  |           1  |  00:00:00  |
-----------------------------------------------------------------------------------------------------------------------------


Phase 2.2 Physical Synthesis In Placer | Checksum: 547dc090

Time (s): cpu = 00:00:05 ; elapsed = 00:00:06 . Memory (MB): peak = 1193.059 ; gain = 4.988
Phase 2 Global Placement | Checksum: 85961d1a

Time (s): cpu = 00:00:05 ; elapsed = 00:00:06 . Memory (MB): peak = 1193.059 ; gain = 4.988

Phase 3 Detail Placement

Phase 3.1 Commit Multi Column Macros
Phase 3.1 Commit Multi Column Macros | Checksum: 85961d1a

Time (s): cpu = 00:00:05 ; elapsed = 00:00:06 . Memory (MB): peak = 1193.059 ; gain = 4.988

Phase 3.2 Commit Most Macros & LUTRAMs
Phase 3.2 Commit Most Macros & LUTRAMs | Checksum: 18dd6c385

Time (s): cpu = 00:00:05 ; elapsed = 00:00:06 . Memory (MB): peak = 1193.059 ; gain = 4.988

Phase 3.3 Area Swap Optimization
Phase 3.3 Area Swap Optimization | Checksum: 1b3e7123e

Time (s): cpu = 00:00:05 ; elapsed = 00:00:06 . Memory (MB): peak = 1193.059 ; gain = 4.988

Phase 3.4 Pipeline Register Optimization
Phase 3.4 Pipeline Register Optimization | Checksum: 1b3e7123e

Time (s): cpu = 00:00:05 ; elapsed = 00:00:06 . Memory (MB): peak = 1193.059 ; gain = 4.988

Phase 3.5 Small Shape Detail Placement
Phase 3.5 Small Shape Detail Placement | Checksum: 1622899e4

Time (s): cpu = 00:00:05 ; elapsed = 00:00:06 . Memory (MB): peak = 1193.059 ; gain = 4.988

Phase 3.6 Re-assign LUT pins
Phase 3.6 Re-assign LUT pins | Checksum: e2ec592a

Time (s): cpu = 00:00:05 ; elapsed = 00:00:07 . Memory (MB): peak = 1193.059 ; gain = 4.988

Phase 3.7 Pipeline Register Optimization
Phase 3.7 Pipeline Register Optimization | Checksum: e2ec592a

Time (s): cpu = 00:00:05 ; elapsed = 00:00:07 . Memory (MB): peak = 1193.059 ; gain = 4.988
Phase 3 Detail Placement | Checksum: e2ec592a

Time (s): cpu = 00:00:05 ; elapsed = 00:00:07 . Memory (MB): peak = 1193.059 ; gain = 4.988

Phase 4 Post Placement Optimization and Clean-Up

Phase 4.1 Post Commit Optimization
INFO: [Timing 38-35] Done setting XDC timing constraints.

Phase 4.1.1 Post Placement Optimization
Post Placement Optimization Initialization | Checksum: 1ac67d119

Phase 4.1.1.1 BUFG Insertion
INFO: [Place 46-31] BUFG insertion identified 0 candidate nets, 0 success, 0 skipped for placement/routing, 0 skipped for timing, 0 skipped for netlist change reason.
Phase 4.1.1.1 BUFG Insertion | Checksum: 1ac67d119

Time (s): cpu = 00:00:06 ; elapsed = 00:00:07 . Memory (MB): peak = 1212.766 ; gain = 24.695
INFO: [Place 30-746] Post Placement Timing Summary WNS=4.331. For the most accurate timing information please run report_timing.
Phase 4.1.1 Post Placement Optimization | Checksum: 1c5b33031

Time (s): cpu = 00:00:06 ; elapsed = 00:00:07 . Memory (MB): peak = 1212.766 ; gain = 24.695
Phase 4.1 Post Commit Optimization | Checksum: 1c5b33031

Time (s): cpu = 00:00:06 ; elapsed = 00:00:07 . Memory (MB): peak = 1212.766 ; gain = 24.695

Phase 4.2 Post Placement Cleanup
Phase 4.2 Post Placement Cleanup | Checksum: 1c5b33031

Time (s): cpu = 00:00:06 ; elapsed = 00:00:07 . Memory (MB): peak = 1212.766 ; gain = 24.695

Phase 4.3 Placer Reporting
Phase 4.3 Placer Reporting | Checksum: 1c5b33031

Time (s): cpu = 00:00:06 ; elapsed = 00:00:07 . Memory (MB): peak = 1212.766 ; gain = 24.695

Phase 4.4 Final Placement Cleanup
Phase 4.4 Final Placement Cleanup | Checksum: 117ada824

Time (s): cpu = 00:00:06 ; elapsed = 00:00:07 . Memory (MB): peak = 1212.766 ; gain = 24.695
Phase 4 Post Placement Optimization and Clean-Up | Checksum: 117ada824

Time (s): cpu = 00:00:06 ; elapsed = 00:00:07 . Memory (MB): peak = 1212.766 ; gain = 24.695
Ending Placer Task | Checksum: 36ce96f3

Time (s): cpu = 00:00:06 ; elapsed = 00:00:07 . Memory (MB): peak = 1212.766 ; gain = 24.695
INFO: [Common 17-83] Releasing license: Implementation
47 Infos, 1 Warnings, 1 Critical Warnings and 0 Errors encountered.
place_design completed successfully
place_design: Time (s): cpu = 00:00:07 ; elapsed = 00:00:09 . Memory (MB): peak = 1212.766 ; gain = 24.695
INFO: [Timing 38-480] Writing timing data to binary archive.
Writing placer database...
Writing XDEF routing.
Writing XDEF routing logical nets.
Writing XDEF routing special nets.
Write XDEF Complete: Time (s): cpu = 00:00:00 ; elapsed = 00:00:00.164 . Memory (MB): peak = 1220.367 ; gain = 7.602
INFO: [Common 17-1381] The checkpoint 'C:/Users/Admin/Documents/vivado/exercise/TRNG/TRNG.runs/impl_1/TRNG_BOCK_wrapper_placed.dcp' has been generated.
INFO: [runtcl-4] Executing : report_io -file TRNG_BOCK_wrapper_io_placed.rpt
report_io: Time (s): cpu = 00:00:00 ; elapsed = 00:00:00.059 . Memory (MB): peak = 1220.367 ; gain = 0.000
INFO: [runtcl-4] Executing : report_utilization -file TRNG_BOCK_wrapper_utilization_placed.rpt -pb TRNG_BOCK_wrapper_utilization_placed.pb
report_utilization: Time (s): cpu = 00:00:00 ; elapsed = 00:00:00.049 . Memory (MB): peak = 1220.367 ; gain = 0.000
INFO: [runtcl-4] Executing : report_control_sets -verbose -file TRNG_BOCK_wrapper_control_sets_placed.rpt
report_control_sets: Time (s): cpu = 00:00:00 ; elapsed = 00:00:00.009 . Memory (MB): peak = 1220.367 ; gain = 0.000
Command: route_design
Attempting to get a license for feature 'Implementation' and/or device 'xc7z020'
INFO: [Common 17-349] Got license for feature 'Implementation' and/or device 'xc7z020'
Running DRC as a precondition to command route_design
INFO: [DRC 23-27] Running DRC with 2 threads
INFO: [Vivado_Tcl 4-198] DRC finished with 0 Errors
INFO: [Vivado_Tcl 4-199] Please refer to the DRC report (report_drc) for more information.


Starting Routing Task
INFO: [Route 35-254] Multithreading enabled for route_design using a maximum of 2 CPUs
Checksum: PlaceDB: 122a7c4e ConstDB: 0 ShapeSum: 24a41aa5 RouteDB: 0

Phase 1 Build RT Design
Phase 1 Build RT Design | Checksum: f78d30a6

Time (s): cpu = 00:00:27 ; elapsed = 00:00:30 . Memory (MB): peak = 1339.484 ; gain = 119.117
Post Restoration Checksum: NetGraph: 1efaf6d NumContArr: f59d8139 Constraints: 0 Timing: 0

Phase 2 Router Initialization

Phase 2.1 Create Timer
Phase 2.1 Create Timer | Checksum: f78d30a6

Time (s): cpu = 00:00:27 ; elapsed = 00:00:30 . Memory (MB): peak = 1339.484 ; gain = 119.117

Phase 2.2 Fix Topology Constraints
Phase 2.2 Fix Topology Constraints | Checksum: f78d30a6

Time (s): cpu = 00:00:27 ; elapsed = 00:00:30 . Memory (MB): peak = 1346.043 ; gain = 125.676

Phase 2.3 Pre Route Cleanup
Phase 2.3 Pre Route Cleanup | Checksum: f78d30a6

Time (s): cpu = 00:00:27 ; elapsed = 00:00:30 . Memory (MB): peak = 1346.043 ; gain = 125.676
 Number of Nodes with overlaps = 0

Phase 2.4 Update Timing
Phase 2.4 Update Timing | Checksum: 1ccda0402

Time (s): cpu = 00:00:28 ; elapsed = 00:00:30 . Memory (MB): peak = 1367.324 ; gain = 146.957
INFO: [Route 35-416] Intermediate Timing Summary | WNS=4.271  | TNS=0.000  | WHS=-0.240 | THS=-16.562|

Phase 2 Router Initialization | Checksum: 1d652b1d5

Time (s): cpu = 00:00:28 ; elapsed = 00:00:30 . Memory (MB): peak = 1367.324 ; gain = 146.957

Phase 3 Initial Routing
Phase 3 Initial Routing | Checksum: a383b10e

Time (s): cpu = 00:00:28 ; elapsed = 00:00:31 . Memory (MB): peak = 1367.324 ; gain = 146.957

Phase 4 Rip-up And Reroute

Phase 4.1 Global Iteration 0
 Number of Nodes with overlaps = 66
 Number of Nodes with overlaps = 0
INFO: [Route 35-416] Intermediate Timing Summary | WNS=4.609  | TNS=0.000  | WHS=N/A    | THS=N/A    |

Phase 4.1 Global Iteration 0 | Checksum: 1441dc7b2

Time (s): cpu = 00:00:28 ; elapsed = 00:00:31 . Memory (MB): peak = 1367.324 ; gain = 146.957

Phase 4.2 Global Iteration 1
 Number of Nodes with overlaps = 1
 Number of Nodes with overlaps = 0
INFO: [Route 35-416] Intermediate Timing Summary | WNS=4.609  | TNS=0.000  | WHS=N/A    | THS=N/A    |

Phase 4.2 Global Iteration 1 | Checksum: ca9d33cf

Time (s): cpu = 00:00:28 ; elapsed = 00:00:31 . Memory (MB): peak = 1367.324 ; gain = 146.957
Phase 4 Rip-up And Reroute | Checksum: ca9d33cf

Time (s): cpu = 00:00:28 ; elapsed = 00:00:31 . Memory (MB): peak = 1367.324 ; gain = 146.957

Phase 5 Delay and Skew Optimization

Phase 5.1 Delay CleanUp
Phase 5.1 Delay CleanUp | Checksum: ca9d33cf

Time (s): cpu = 00:00:28 ; elapsed = 00:00:31 . Memory (MB): peak = 1367.324 ; gain = 146.957

Phase 5.2 Clock Skew Optimization
Phase 5.2 Clock Skew Optimization | Checksum: ca9d33cf

Time (s): cpu = 00:00:28 ; elapsed = 00:00:31 . Memory (MB): peak = 1367.324 ; gain = 146.957
Phase 5 Delay and Skew Optimization | Checksum: ca9d33cf

Time (s): cpu = 00:00:28 ; elapsed = 00:00:31 . Memory (MB): peak = 1367.324 ; gain = 146.957

Phase 6 Post Hold Fix

Phase 6.1 Hold Fix Iter

Phase 6.1.1 Update Timing
Phase 6.1.1 Update Timing | Checksum: 143cbde76

Time (s): cpu = 00:00:29 ; elapsed = 00:00:31 . Memory (MB): peak = 1367.324 ; gain = 146.957
INFO: [Route 35-416] Intermediate Timing Summary | WNS=4.759  | TNS=0.000  | WHS=0.056  | THS=0.000  |

Phase 6.1 Hold Fix Iter | Checksum: 1040c57fa

Time (s): cpu = 00:00:29 ; elapsed = 00:00:31 . Memory (MB): peak = 1367.324 ; gain = 146.957
Phase 6 Post Hold Fix | Checksum: 1040c57fa

Time (s): cpu = 00:00:29 ; elapsed = 00:00:31 . Memory (MB): peak = 1367.324 ; gain = 146.957

Phase 7 Route finalize

Router Utilization Summary
  Global Vertical Routing Utilization    = 0.11748 %
  Global Horizontal Routing Utilization  = 0.14951 %
  Routable Net Status*
  *Does not include unroutable nets such as driverless and loadless.
  Run report_route_status for detailed report.
  Number of Failed Nets               = 0
  Number of Unrouted Nets             = 0
  Number of Partially Routed Nets     = 0
  Number of Node Overlaps             = 0

Phase 7 Route finalize | Checksum: 76e53e8f

Time (s): cpu = 00:00:29 ; elapsed = 00:00:31 . Memory (MB): peak = 1367.324 ; gain = 146.957

Phase 8 Verifying routed nets

 Verification completed successfully
Phase 8 Verifying routed nets | Checksum: 76e53e8f

Time (s): cpu = 00:00:29 ; elapsed = 00:00:31 . Memory (MB): peak = 1367.324 ; gain = 146.957

Phase 9 Depositing Routes
Phase 9 Depositing Routes | Checksum: 106cd1bfa

Time (s): cpu = 00:00:29 ; elapsed = 00:00:31 . Memory (MB): peak = 1367.324 ; gain = 146.957

Phase 10 Post Router Timing
INFO: [Route 35-57] Estimated Timing Summary | WNS=4.759  | TNS=0.000  | WHS=0.056  | THS=0.000  |

INFO: [Route 35-327] The final timing numbers are based on the router estimated timing analysis. For a complete and accurate timing signoff, please run report_timing_summary.
Phase 10 Post Router Timing | Checksum: 106cd1bfa

Time (s): cpu = 00:00:29 ; elapsed = 00:00:31 . Memory (MB): peak = 1367.324 ; gain = 146.957
INFO: [Route 35-16] Router Completed Successfully

Time (s): cpu = 00:00:29 ; elapsed = 00:00:31 . Memory (MB): peak = 1367.324 ; gain = 146.957

Routing Is Done.
INFO: [Common 17-83] Releasing license: Implementation
65 Infos, 1 Warnings, 1 Critical Warnings and 0 Errors encountered.
route_design completed successfully
route_design: Time (s): cpu = 00:00:32 ; elapsed = 00:00:33 . Memory (MB): peak = 1367.324 ; gain = 146.957
INFO: [Timing 38-480] Writing timing data to binary archive.
Writing placer database...
Writing XDEF routing.
Writing XDEF routing logical nets.
Writing XDEF routing special nets.
Write XDEF Complete: Time (s): cpu = 00:00:01 ; elapsed = 00:00:00.209 . Memory (MB): peak = 1367.324 ; gain = 0.000
INFO: [Common 17-1381] The checkpoint 'C:/Users/Admin/Documents/vivado/exercise/TRNG/TRNG.runs/impl_1/TRNG_BOCK_wrapper_routed.dcp' has been generated.
INFO: [runtcl-4] Executing : report_drc -file TRNG_BOCK_wrapper_drc_routed.rpt -pb TRNG_BOCK_wrapper_drc_routed.pb -rpx TRNG_BOCK_wrapper_drc_routed.rpx
Command: report_drc -file TRNG_BOCK_wrapper_drc_routed.rpt -pb TRNG_BOCK_wrapper_drc_routed.pb -rpx TRNG_BOCK_wrapper_drc_routed.rpx
INFO: [DRC 23-27] Running DRC with 2 threads
INFO: [Coretcl 2-168] The results of DRC are in file C:/Users/Admin/Documents/vivado/exercise/TRNG/TRNG.runs/impl_1/TRNG_BOCK_wrapper_drc_routed.rpt.
report_drc completed successfully
INFO: [runtcl-4] Executing : report_methodology -file TRNG_BOCK_wrapper_methodology_drc_routed.rpt -pb TRNG_BOCK_wrapper_methodology_drc_routed.pb -rpx TRNG_BOCK_wrapper_methodology_drc_routed.rpx
Command: report_methodology -file TRNG_BOCK_wrapper_methodology_drc_routed.rpt -pb TRNG_BOCK_wrapper_methodology_drc_routed.pb -rpx TRNG_BOCK_wrapper_methodology_drc_routed.rpx
INFO: [Timing 38-35] Done setting XDC timing constraints.
INFO: [Timing 38-35] Done setting XDC timing constraints.
INFO: [DRC 23-133] Running Methodology with 2 threads
INFO: [Coretcl 2-1520] The results of Report Methodology are in file C:/Users/Admin/Documents/vivado/exercise/TRNG/TRNG.runs/impl_1/TRNG_BOCK_wrapper_methodology_drc_routed.rpt.
report_methodology completed successfully
INFO: [runtcl-4] Executing : report_power -file TRNG_BOCK_wrapper_power_routed.rpt -pb TRNG_BOCK_wrapper_power_summary_routed.pb -rpx TRNG_BOCK_wrapper_power_routed.rpx
Command: report_power -file TRNG_BOCK_wrapper_power_routed.rpt -pb TRNG_BOCK_wrapper_power_summary_routed.pb -rpx TRNG_BOCK_wrapper_power_routed.rpx
INFO: [Timing 38-35] Done setting XDC timing constraints.
Running Vector-less Activity Propagation...

Finished Running Vector-less Activity Propagation
77 Infos, 1 Warnings, 1 Critical Warnings and 0 Errors encountered.
report_power completed successfully
INFO: [runtcl-4] Executing : report_route_status -file TRNG_BOCK_wrapper_route_status.rpt -pb TRNG_BOCK_wrapper_route_status.pb
INFO: [runtcl-4] Executing : report_timing_summary -max_paths 10 -file TRNG_BOCK_wrapper_timing_summary_routed.rpt -pb TRNG_BOCK_wrapper_timing_summary_routed.pb -rpx TRNG_BOCK_wrapper_timing_summary_routed.rpx -warn_on_violation 
INFO: [Timing 38-91] UpdateTimingParams: Speed grade: -1, Delay Type: min_max, Timing Stage: Requireds.
INFO: [Timing 38-191] Multithreading enabled for timing update using a maximum of 2 CPUs
INFO: [runtcl-4] Executing : report_incremental_reuse -file TRNG_BOCK_wrapper_incremental_reuse_routed.rpt
INFO: [Vivado_Tcl 4-545] No incremental reuse to report, no incremental placement and routing data was found.
INFO: [runtcl-4] Executing : report_clock_utilization -file TRNG_BOCK_wrapper_clock_utilization_routed.rpt
INFO: [runtcl-4] Executing : report_bus_skew -warn_on_violation -file TRNG_BOCK_wrapper_bus_skew_routed.rpt -pb TRNG_BOCK_wrapper_bus_skew_routed.pb -rpx TRNG_BOCK_wrapper_bus_skew_routed.rpx
INFO: [Timing 38-91] UpdateTimingParams: Speed grade: -1, Delay Type: min_max, Timing Stage: Requireds.
INFO: [Timing 38-191] Multithreading enabled for timing update using a maximum of 2 CPUs
Command: write_bitstream -force TRNG_BOCK_wrapper.bit
Attempting to get a license for feature 'Implementation' and/or device 'xc7z020'
INFO: [Common 17-349] Got license for feature 'Implementation' and/or device 'xc7z020'
Running DRC as a precondition to command write_bitstream
INFO: [DRC 23-27] Running DRC with 2 threads
WARNING: [DRC LUTLP-2] Combinatorial Loop Allowed: 1 LUT cells form a combinatorial loop. This can create a race condition. Timing analysis may not be accurate. The preferred resolution is to modify the design to remove combinatorial logic loops. This loop has been identified in the constraints as being known and understood by use of the ALLOW_COMBINATORIAL_LOOPS property on a net in the loop. The cells in the loop are: TRNG_BOCK_i/S_TRNG_0/inst/sub_1_1/nand_gate.
WARNING: [DRC LUTLP-2] Combinatorial Loop Allowed: 1 LUT cells form a combinatorial loop. This can create a race condition. Timing analysis may not be accurate. The preferred resolution is to modify the design to remove combinatorial logic loops. This loop has been identified in the constraints as being known and understood by use of the ALLOW_COMBINATORIAL_LOOPS property on a net in the loop. The cells in the loop are: TRNG_BOCK_i/S_TRNG_0/inst/sub_1_2/nand_gate.
WARNING: [DRC LUTLP-2] Combinatorial Loop Allowed: 2 LUT cells form a combinatorial loop. This can create a race condition. Timing analysis may not be accurate. The preferred resolution is to modify the design to remove combinatorial logic loops. This loop has been identified in the constraints as being known and understood by use of the ALLOW_COMBINATORIAL_LOOPS property on a net in the loop. The cells in the loop are: TRNG_BOCK_i/S_TRNG_0/inst/xor_gate1, and TRNG_BOCK_i/S_TRNG_0/inst/xor_gate2.
WARNING: [DRC LUTLP-2] Combinatorial Loop Allowed: 2 LUT cells form a combinatorial loop. This can create a race condition. Timing analysis may not be accurate. The preferred resolution is to modify the design to remove combinatorial logic loops. This loop has been identified in the constraints as being known and understood by use of the ALLOW_COMBINATORIAL_LOOPS property on a net in the loop. The cells in the loop are: TRNG_BOCK_i/S_TRNG_0/inst/xor_gate3, and TRNG_BOCK_i/S_TRNG_0/inst/xor_gate4.
WARNING: [DRC LUTLP-2] Combinatorial Loop Allowed: 3 LUT cells form a combinatorial loop. This can create a race condition. Timing analysis may not be accurate. The preferred resolution is to modify the design to remove combinatorial logic loops. This loop has been identified in the constraints as being known and understood by use of the ALLOW_COMBINATORIAL_LOOPS property on a net in the loop. The cells in the loop are: TRNG_BOCK_i/S_TRNG_0/inst/sub_3_1/nand_gate, TRNG_BOCK_i/S_TRNG_0/inst/sub_3_1/not1, and TRNG_BOCK_i/S_TRNG_0/inst/sub_3_1/not2.
WARNING: [DRC LUTLP-2] Combinatorial Loop Allowed: 3 LUT cells form a combinatorial loop. This can create a race condition. Timing analysis may not be accurate. The preferred resolution is to modify the design to remove combinatorial logic loops. This loop has been identified in the constraints as being known and understood by use of the ALLOW_COMBINATORIAL_LOOPS property on a net in the loop. The cells in the loop are: TRNG_BOCK_i/S_TRNG_0/inst/sub_3_2/nand_gate, TRNG_BOCK_i/S_TRNG_0/inst/sub_3_2/not1, and TRNG_BOCK_i/S_TRNG_0/inst/sub_3_2/not2.
INFO: [Vivado 12-3199] DRC finished with 0 Errors, 6 Warnings
INFO: [Vivado 12-3200] Please refer to the DRC report (report_drc) for more information.
INFO: [Designutils 20-2272] Running write_bitstream with 2 threads.
Loading data files...
Loading site data...
Loading route data...
Processing options...
Creating bitmap...
Creating bitstream...
Writing bitstream ./TRNG_BOCK_wrapper.bit...
INFO: [Vivado 12-1842] Bitgen Completed Successfully.
INFO: [Project 1-120] WebTalk data collection is mandatory when using a WebPACK part without a full Vivado license. To see the specific WebTalk data collected for your design, open the usage_statistics_webtalk.html or usage_statistics_webtalk.xml file in the implementation directory.
INFO: [Common 17-83] Releasing license: Implementation
95 Infos, 7 Warnings, 1 Critical Warnings and 0 Errors encountered.
write_bitstream completed successfully
write_bitstream: Time (s): cpu = 00:00:15 ; elapsed = 00:00:17 . Memory (MB): peak = 1796.582 ; gain = 409.445
INFO: [Common 17-206] Exiting Vivado at Sun Mar 29 16:13:24 2026...

*** Running vivado
    with args -log TRNG_BOCK_wrapper.vdi -applog -m64 -product Vivado -messageDb vivado.pb -mode batch -source TRNG_BOCK_wrapper.tcl -notrace


****** Vivado v2018.2 (64-bit)
  **** SW Build 2258646 on Thu Jun 14 20:03:12 MDT 2018
  **** IP Build 2256618 on Thu Jun 14 22:10:49 MDT 2018
    ** Copyright 1986-2018 Xilinx, Inc. All Rights Reserved.

source TRNG_BOCK_wrapper.tcl -notrace
Command: open_checkpoint TRNG_BOCK_wrapper_routed.dcp

Starting open_checkpoint Task

Time (s): cpu = 00:00:00 ; elapsed = 00:00:00.048 . Memory (MB): peak = 223.094 ; gain = 0.000
INFO: [Netlist 29-17] Analyzing 6 Unisim elements for replacement
INFO: [Netlist 29-28] Unisim Transformation completed in 0 CPU seconds
INFO: [Project 1-479] Netlist was created with Vivado 2018.2
INFO: [Device 21-403] Loading part xc7z020clg400-1
INFO: [Project 1-570] Preparing netlist for logic optimization
INFO: [Timing 38-478] Restoring timing data from binary archive.
INFO: [Timing 38-479] Binary timing data restore complete.
INFO: [Project 1-856] Restoring constraints from binary archive.
INFO: [Project 1-853] Binary constraint restore complete.
Reading XDEF placement.
Reading placer database...
Reading XDEF routing.
Read XDEF File: Time (s): cpu = 00:00:00 ; elapsed = 00:00:00.487 . Memory (MB): peak = 1093.586 ; gain = 0.000
Restored from archive | CPU: 0.000000 secs | Memory: 0.000000 MB |
Finished XDEF File Restore: Time (s): cpu = 00:00:00 ; elapsed = 00:00:00.488 . Memory (MB): peak = 1093.586 ; gain = 0.000
INFO: [Project 1-111] Unisim Transformation Summary:
No Unisim elements were transformed.

INFO: [Project 1-604] Checkpoint was created with Vivado v2018.2 (64-bit) build 2258646
open_checkpoint: Time (s): cpu = 00:00:16 ; elapsed = 00:00:30 . Memory (MB): peak = 1093.586 ; gain = 878.555
Command: write_bitstream -force TRNG_BOCK_wrapper.bit
Attempting to get a license for feature 'Implementation' and/or device 'xc7z020'
INFO: [Common 17-349] Got license for feature 'Implementation' and/or device 'xc7z020'
Running DRC as a precondition to command write_bitstream
INFO: [IP_Flow 19-234] Refreshing IP repositories
INFO: [IP_Flow 19-1704] No user IP repositories specified
INFO: [IP_Flow 19-2313] Loaded Vivado IP repository 'C:/Users/Admin/Documents/vivado/Vivado/2018.2/data/ip'.
INFO: [DRC 23-27] Running DRC with 2 threads
WARNING: [DRC LUTLP-2] Combinatorial Loop Allowed: 1 LUT cells form a combinatorial loop. This can create a race condition. Timing analysis may not be accurate. The preferred resolution is to modify the design to remove combinatorial logic loops. This loop has been identified in the constraints as being known and understood by use of the ALLOW_COMBINATORIAL_LOOPS property on a net in the loop. The cells in the loop are: TRNG_BOCK_i/S_TRNG_0/inst/sub_1_1/nand_gate.
WARNING: [DRC LUTLP-2] Combinatorial Loop Allowed: 1 LUT cells form a combinatorial loop. This can create a race condition. Timing analysis may not be accurate. The preferred resolution is to modify the design to remove combinatorial logic loops. This loop has been identified in the constraints as being known and understood by use of the ALLOW_COMBINATORIAL_LOOPS property on a net in the loop. The cells in the loop are: TRNG_BOCK_i/S_TRNG_0/inst/sub_1_2/nand_gate.
WARNING: [DRC LUTLP-2] Combinatorial Loop Allowed: 2 LUT cells form a combinatorial loop. This can create a race condition. Timing analysis may not be accurate. The preferred resolution is to modify the design to remove combinatorial logic loops. This loop has been identified in the constraints as being known and understood by use of the ALLOW_COMBINATORIAL_LOOPS property on a net in the loop. The cells in the loop are: TRNG_BOCK_i/S_TRNG_0/inst/xor_gate1, and TRNG_BOCK_i/S_TRNG_0/inst/xor_gate2.
WARNING: [DRC LUTLP-2] Combinatorial Loop Allowed: 2 LUT cells form a combinatorial loop. This can create a race condition. Timing analysis may not be accurate. The preferred resolution is to modify the design to remove combinatorial logic loops. This loop has been identified in the constraints as being known and understood by use of the ALLOW_COMBINATORIAL_LOOPS property on a net in the loop. The cells in the loop are: TRNG_BOCK_i/S_TRNG_0/inst/xor_gate3, and TRNG_BOCK_i/S_TRNG_0/inst/xor_gate4.
WARNING: [DRC LUTLP-2] Combinatorial Loop Allowed: 3 LUT cells form a combinatorial loop. This can create a race condition. Timing analysis may not be accurate. The preferred resolution is to modify the design to remove combinatorial logic loops. This loop has been identified in the constraints as being known and understood by use of the ALLOW_COMBINATORIAL_LOOPS property on a net in the loop. The cells in the loop are: TRNG_BOCK_i/S_TRNG_0/inst/sub_3_1/nand_gate, TRNG_BOCK_i/S_TRNG_0/inst/sub_3_1/not1, and TRNG_BOCK_i/S_TRNG_0/inst/sub_3_1/not2.
WARNING: [DRC LUTLP-2] Combinatorial Loop Allowed: 3 LUT cells form a combinatorial loop. This can create a race condition. Timing analysis may not be accurate. The preferred resolution is to modify the design to remove combinatorial logic loops. This loop has been identified in the constraints as being known and understood by use of the ALLOW_COMBINATORIAL_LOOPS property on a net in the loop. The cells in the loop are: TRNG_BOCK_i/S_TRNG_0/inst/sub_3_2/nand_gate, TRNG_BOCK_i/S_TRNG_0/inst/sub_3_2/not1, and TRNG_BOCK_i/S_TRNG_0/inst/sub_3_2/not2.
INFO: [Vivado 12-3199] DRC finished with 0 Errors, 6 Warnings
INFO: [Vivado 12-3200] Please refer to the DRC report (report_drc) for more information.
INFO: [Designutils 20-2272] Running write_bitstream with 2 threads.
Loading data files...
Loading site data...
Loading route data...
Processing options...
Creating bitmap...
Creating bitstream...
Writing bitstream ./TRNG_BOCK_wrapper.bit...
INFO: [Vivado 12-1842] Bitgen Completed Successfully.
INFO: [Project 1-120] WebTalk data collection is mandatory when using a WebPACK part without a full Vivado license. To see the specific WebTalk data collected for your design, open the usage_statistics_webtalk.html or usage_statistics_webtalk.xml file in the implementation directory.
INFO: [Common 17-83] Releasing license: Implementation
22 Infos, 6 Warnings, 0 Critical Warnings and 0 Errors encountered.
write_bitstream completed successfully
write_bitstream: Time (s): cpu = 00:00:15 ; elapsed = 00:00:21 . Memory (MB): peak = 1587.289 ; gain = 493.703
INFO: [Common 17-206] Exiting Vivado at Mon Mar 30 12:03:59 2026...
