Copyright 1986-2018 Xilinx, Inc. All Rights Reserved.
----------------------------------------------------------------------------------------------
| Tool Version : Vivado v.2018.2 (win64) Build 2258646 Thu Jun 14 20:03:12 MDT 2018
| Date         : Sun Mar 29 16:12:27 2026
| Host         : Admin-PC running 64-bit major release  (build 9200)
| Command      : report_control_sets -verbose -file TRNG_BOCK_wrapper_control_sets_placed.rpt
| Design       : TRNG_BOCK_wrapper
| Device       : xc7z020
----------------------------------------------------------------------------------------------

Control Set Information

Table of Contents
-----------------
1. Summary
2. Histogram
3. Flip-Flop Distribution
4. Detailed Control Set Information

1. Summary
----------

+----------------------------------------------------------+-------+
|                          Status                          | Count |
+----------------------------------------------------------+-------+
| Number of unique control sets                            |    38 |
| Unused register locations in slices containing registers |    42 |
+----------------------------------------------------------+-------+


2. Histogram
------------

+--------+--------------+
| Fanout | Control Sets |
+--------+--------------+
|      4 |            1 |
|      8 |            9 |
|     12 |            1 |
|    16+ |           27 |
+--------+--------------+


3. Flip-Flop Distribution
-------------------------

+--------------+-----------------------+------------------------+-----------------+--------------+
| Clock Enable | Synchronous Set/Reset | Asynchronous Set/Reset | Total Registers | Total Slices |
+--------------+-----------------------+------------------------+-----------------+--------------+
| No           | No                    | No                     |             226 |           28 |
| No           | No                    | Yes                    |               0 |            0 |
| No           | Yes                   | No                     |             236 |           27 |
| Yes          | No                    | No                     |             532 |           58 |
| Yes          | No                    | Yes                    |               0 |            0 |
| Yes          | Yes                   | No                     |             300 |           31 |
+--------------+-----------------------+------------------------+-----------------+--------------+


4. Detailed Control Set Information
-----------------------------------

+--------------------------------------------------+-----------------------------------------------------------------------------------------------------------------------------------------------------------------+---------------------------------------------------------------------------------------------------------------------------------------------+------------------+----------------+
|                   Clock Signal                   |                                                                          Enable Signal                                                                          |                                                               Set/Reset Signal                                                              | Slice Load Count | Bel Load Count |
+--------------------------------------------------+-----------------------------------------------------------------------------------------------------------------------------------------------------------------+---------------------------------------------------------------------------------------------------------------------------------------------+------------------+----------------+
|  TRNG_BOCK_i/processing_system7_0/inst/FCLK_CLK0 | TRNG_BOCK_i/ps7_0_axi_periph/s00_couplers/auto_pc/inst/gen_axilite.gen_b2s_conv.axilite_b2s/WR.b_channel_0/bid_fifo_0/bresp_push                                |                                                                                                                                             |                1 |              4 |
|  TRNG_BOCK_i/processing_system7_0/inst/FCLK_CLK0 |                                                                                                                                                                 | TRNG_BOCK_i/ps7_0_axi_periph/s00_couplers/auto_pc/inst/gen_axilite.gen_b2s_conv.axilite_b2s/SI_REG/aw.aw_pipe/s_ready_i_reg_0               |                2 |              8 |
|  TRNG_BOCK_i/processing_system7_0/inst/FCLK_CLK0 | TRNG_BOCK_i/ps7_0_axi_periph/s00_couplers/auto_pc/inst/gen_axilite.gen_b2s_conv.axilite_b2s/RD.ar_channel_0/ar_cmd_fsm_0/wrap_boundary_axaddr_r_reg[11][0]      |                                                                                                                                             |                3 |              8 |
|  TRNG_BOCK_i/processing_system7_0/inst/FCLK_CLK0 |                                                                                                                                                                 | TRNG_BOCK_i/ps7_0_axi_periph/s00_couplers/auto_pc/inst/gen_axilite.gen_b2s_conv.axilite_b2s/SI_REG/ar.ar_pipe/m_valid_i_reg_0               |                2 |              8 |
|  TRNG_BOCK_i/processing_system7_0/inst/FCLK_CLK0 | TRNG_BOCK_i/ps7_0_axi_periph/s00_couplers/auto_pc/inst/gen_axilite.gen_b2s_conv.axilite_b2s/WR.aw_channel_0/cmd_translator_0/incr_cmd_0/axaddr_incr[11]_i_1_n_0 |                                                                                                                                             |                1 |              8 |
|  TRNG_BOCK_i/processing_system7_0/inst/FCLK_CLK0 |                                                                                                                                                                 | TRNG_BOCK_i/rst_ps7_0_100M/U0/EXT_LPF/lpf_int                                                                                               |                3 |              8 |
|  TRNG_BOCK_i/processing_system7_0/inst/FCLK_CLK0 | TRNG_BOCK_i/ps7_0_axi_periph/s00_couplers/auto_pc/inst/gen_axilite.gen_b2s_conv.axilite_b2s/WR.aw_channel_0/aw_cmd_fsm_0/E[0]                                   |                                                                                                                                             |                2 |              8 |
|  TRNG_BOCK_i/processing_system7_0/inst/FCLK_CLK0 | TRNG_BOCK_i/ps7_0_axi_periph/s00_couplers/auto_pc/inst/gen_axilite.gen_b2s_conv.axilite_b2s/RD.ar_channel_0/ar_cmd_fsm_0/E[0]                                   | TRNG_BOCK_i/ps7_0_axi_periph/s00_couplers/auto_pc/inst/gen_axilite.gen_b2s_conv.axilite_b2s/RD.ar_channel_0/ar_cmd_fsm_0/axlen_cnt_reg[7]   |                2 |              8 |
|  TRNG_BOCK_i/processing_system7_0/inst/FCLK_CLK0 | TRNG_BOCK_i/ps7_0_axi_periph/s00_couplers/auto_pc/inst/gen_axilite.gen_b2s_conv.axilite_b2s/RD.ar_channel_0/ar_cmd_fsm_0/axaddr_incr_reg[0][0]                  |                                                                                                                                             |                1 |              8 |
|  TRNG_BOCK_i/processing_system7_0/inst/FCLK_CLK0 | TRNG_BOCK_i/ps7_0_axi_periph/s00_couplers/auto_pc/inst/gen_axilite.gen_b2s_conv.axilite_b2s/WR.aw_channel_0/aw_cmd_fsm_0/axaddr_wrap_reg[11][0]                 | TRNG_BOCK_i/ps7_0_axi_periph/s00_couplers/auto_pc/inst/gen_axilite.gen_b2s_conv.axilite_b2s/WR.aw_channel_0/aw_cmd_fsm_0/axlen_cnt_reg[7]_1 |                2 |              8 |
|  TRNG_BOCK_i/processing_system7_0/inst/FCLK_CLK0 | TRNG_BOCK_i/rst_ps7_0_100M/U0/SEQ/seq_cnt_en                                                                                                                    | TRNG_BOCK_i/rst_ps7_0_100M/U0/SEQ/SEQ_COUNTER/clear                                                                                         |                1 |             12 |
|  TRNG_BOCK_i/processing_system7_0/inst/FCLK_CLK0 | TRNG_BOCK_i/TRNG_IP_0/inst/TRNG_IP_v1_0_S00_AXI_inst/slv_reg3[23]_i_1_n_0                                                                                       | TRNG_BOCK_i/TRNG_IP_0/inst/TRNG_IP_v1_0_S00_AXI_inst/slv_reg2[0]_i_1_n_0                                                                    |                1 |             16 |
|  TRNG_BOCK_i/processing_system7_0/inst/FCLK_CLK0 | TRNG_BOCK_i/TRNG_IP_0/inst/TRNG_IP_v1_0_S00_AXI_inst/p_1_in[23]                                                                                                 | TRNG_BOCK_i/TRNG_IP_0/inst/TRNG_IP_v1_0_S00_AXI_inst/slv_reg2[0]_i_1_n_0                                                                    |                1 |             16 |
|  TRNG_BOCK_i/processing_system7_0/inst/FCLK_CLK0 | TRNG_BOCK_i/ps7_0_axi_periph/s00_couplers/auto_pc/inst/gen_axilite.gen_b2s_conv.axilite_b2s/WR.b_channel_0/mhandshake_r                                         | TRNG_BOCK_i/ps7_0_axi_periph/s00_couplers/auto_pc/inst/gen_axilite.gen_b2s_conv.axilite_b2s/WR.b_channel_0/bid_fifo_0/SR[0]                 |                3 |             16 |
|  TRNG_BOCK_i/processing_system7_0/inst/FCLK_CLK0 | TRNG_BOCK_i/TRNG_IP_0/inst/TRNG_IP_v1_0_S00_AXI_inst/slv_reg3[7]_i_1_n_0                                                                                        | TRNG_BOCK_i/TRNG_IP_0/inst/TRNG_IP_v1_0_S00_AXI_inst/slv_reg2[0]_i_1_n_0                                                                    |                1 |             16 |
|  TRNG_BOCK_i/processing_system7_0/inst/FCLK_CLK0 | TRNG_BOCK_i/TRNG_IP_0/inst/TRNG_IP_v1_0_S00_AXI_inst/slv_reg3[31]_i_1_n_0                                                                                       | TRNG_BOCK_i/TRNG_IP_0/inst/TRNG_IP_v1_0_S00_AXI_inst/slv_reg2[0]_i_1_n_0                                                                    |                1 |             16 |
|  TRNG_BOCK_i/processing_system7_0/inst/FCLK_CLK0 | TRNG_BOCK_i/TRNG_IP_0/inst/TRNG_IP_v1_0_S00_AXI_inst/slv_reg3[15]_i_1_n_0                                                                                       | TRNG_BOCK_i/TRNG_IP_0/inst/TRNG_IP_v1_0_S00_AXI_inst/slv_reg2[0]_i_1_n_0                                                                    |                1 |             16 |
|  TRNG_BOCK_i/processing_system7_0/inst/FCLK_CLK0 | TRNG_BOCK_i/TRNG_IP_0/inst/TRNG_IP_v1_0_S00_AXI_inst/p_1_in[31]                                                                                                 | TRNG_BOCK_i/TRNG_IP_0/inst/TRNG_IP_v1_0_S00_AXI_inst/slv_reg2[0]_i_1_n_0                                                                    |                1 |             16 |
|  TRNG_BOCK_i/processing_system7_0/inst/FCLK_CLK0 | TRNG_BOCK_i/TRNG_IP_0/inst/TRNG_IP_v1_0_S00_AXI_inst/p_1_in[15]                                                                                                 | TRNG_BOCK_i/TRNG_IP_0/inst/TRNG_IP_v1_0_S00_AXI_inst/slv_reg2[0]_i_1_n_0                                                                    |                1 |             16 |
|  TRNG_BOCK_i/processing_system7_0/inst/FCLK_CLK0 | TRNG_BOCK_i/TRNG_IP_0/inst/TRNG_IP_v1_0_S00_AXI_inst/p_1_in[0]                                                                                                  | TRNG_BOCK_i/TRNG_IP_0/inst/TRNG_IP_v1_0_S00_AXI_inst/slv_reg2[0]_i_1_n_0                                                                    |                1 |             16 |
|  TRNG_BOCK_i/processing_system7_0/inst/FCLK_CLK0 | TRNG_BOCK_i/ps7_0_axi_periph/s00_couplers/auto_pc/inst/gen_axilite.gen_b2s_conv.axilite_b2s/RD.ar_channel_0/ar_cmd_fsm_0/E[0]                                   |                                                                                                                                             |                4 |             24 |
|  TRNG_BOCK_i/processing_system7_0/inst/FCLK_CLK0 | TRNG_BOCK_i/ps7_0_axi_periph/s00_couplers/auto_pc/inst/gen_axilite.gen_b2s_conv.axilite_b2s/WR.aw_channel_0/aw_cmd_fsm_0/axaddr_wrap_reg[11][0]                 |                                                                                                                                             |                6 |             24 |
|  TRNG_BOCK_i/processing_system7_0/inst/FCLK_CLK0 | TRNG_BOCK_i/ps7_0_axi_periph/s00_couplers/auto_pc/inst/gen_axilite.gen_b2s_conv.axilite_b2s/RD.r_channel_0/r_push_r                                             |                                                                                                                                             |                4 |             26 |
|  TRNG_BOCK_i/processing_system7_0/inst/FCLK_CLK0 | TRNG_BOCK_i/ps7_0_axi_periph/s00_couplers/auto_pc/inst/gen_axilite.gen_b2s_conv.axilite_b2s/SI_REG/b.b_pipe/p_1_in                                              |                                                                                                                                             |                2 |             28 |
|  TRNG_BOCK_i/processing_system7_0/inst/FCLK_CLK0 | TRNG_BOCK_i/ps7_0_axi_periph/s00_couplers/auto_pc/inst/gen_axilite.gen_b2s_conv.axilite_b2s/SI_REG/b.b_pipe/skid_buffer_reg[0]_0                                |                                                                                                                                             |                2 |             28 |
|  TRNG_BOCK_i/processing_system7_0/inst/FCLK_CLK0 | TRNG_BOCK_i/ps7_0_axi_periph/s00_couplers/auto_pc/inst/gen_axilite.gen_b2s_conv.axilite_b2s/WR.aw_channel_0/aw_cmd_fsm_0/b_push                                 |                                                                                                                                             |                3 |             32 |
|  TRNG_BOCK_i/processing_system7_0/inst/FCLK_CLK0 | TRNG_BOCK_i/ps7_0_axi_periph/s00_couplers/auto_pc/inst/gen_axilite.gen_b2s_conv.axilite_b2s/RD.ar_channel_0/ar_cmd_fsm_0/m_payload_i_reg[0]_1[0]                |                                                                                                                                             |                8 |             54 |
|  TRNG_BOCK_i/processing_system7_0/inst/FCLK_CLK0 | TRNG_BOCK_i/ps7_0_axi_periph/s00_couplers/auto_pc/inst/gen_axilite.gen_b2s_conv.axilite_b2s/WR.aw_channel_0/aw_cmd_fsm_0/m_payload_i_reg[0][0]                  |                                                                                                                                             |                8 |             54 |
|  TRNG_BOCK_i/processing_system7_0/inst/FCLK_CLK0 | TRNG_BOCK_i/ps7_0_axi_periph/s00_couplers/auto_pc/inst/gen_axilite.gen_b2s_conv.axilite_b2s/SI_REG/aw.aw_pipe/skid_buffer_reg[0]_0                              |                                                                                                                                             |                4 |             54 |
|  TRNG_BOCK_i/processing_system7_0/inst/FCLK_CLK0 | TRNG_BOCK_i/ps7_0_axi_periph/s00_couplers/auto_pc/inst/gen_axilite.gen_b2s_conv.axilite_b2s/SI_REG/ar.ar_pipe/skid_buffer_reg[0]_0                              |                                                                                                                                             |                4 |             54 |
|  TRNG_BOCK_i/processing_system7_0/inst/FCLK_CLK0 | TRNG_BOCK_i/TRNG_IP_0/inst/TRNG_IP_v1_0_S00_AXI_inst/slv_reg_rden__0                                                                                            | TRNG_BOCK_i/TRNG_IP_0/inst/TRNG_IP_v1_0_S00_AXI_inst/slv_reg2[0]_i_1_n_0                                                                    |                9 |             64 |
|  TRNG_BOCK_i/processing_system7_0/inst/FCLK_CLK0 | TRNG_BOCK_i/TRNG_IP_0/inst/TRNG_IP_v1_0_S00_AXI_inst/shift_reg[31]_i_1_n_0                                                                                      | TRNG_BOCK_i/TRNG_IP_0/inst/TRNG_IP_v1_0_S00_AXI_inst/slv_reg2[0]_i_1_n_0                                                                    |                6 |             64 |
|  TRNG_BOCK_i/processing_system7_0/inst/FCLK_CLK0 | TRNG_BOCK_i/ps7_0_axi_periph/s00_couplers/auto_pc/inst/gen_axilite.gen_b2s_conv.axilite_b2s/RD.r_channel_0/rd_data_fifo_0/wr_en0                                |                                                                                                                                             |                8 |             64 |
|  TRNG_BOCK_i/processing_system7_0/inst/FCLK_CLK0 | TRNG_BOCK_i/ps7_0_axi_periph/s00_couplers/auto_pc/inst/gen_axilite.gen_b2s_conv.axilite_b2s/SI_REG/r.r_pipe/skid_buffer_reg[0]_0                                |                                                                                                                                             |                6 |             90 |
|  TRNG_BOCK_i/processing_system7_0/inst/FCLK_CLK0 | TRNG_BOCK_i/ps7_0_axi_periph/s00_couplers/auto_pc/inst/gen_axilite.gen_b2s_conv.axilite_b2s/SI_REG/r.r_pipe/p_1_in                                              |                                                                                                                                             |                7 |             90 |
|  TRNG_BOCK_i/processing_system7_0/inst/FCLK_CLK0 |                                                                                                                                                                 | TRNG_BOCK_i/TRNG_IP_0/inst/TRNG_IP_v1_0_S00_AXI_inst/slv_reg2[0]_i_1_n_0                                                                    |                8 |             92 |
|  TRNG_BOCK_i/processing_system7_0/inst/FCLK_CLK0 |                                                                                                                                                                 | TRNG_BOCK_i/ps7_0_axi_periph/s00_couplers/auto_pc/inst/gen_axilite.gen_b2s_conv.axilite_b2s/areset_d1                                       |               12 |            120 |
|  TRNG_BOCK_i/processing_system7_0/inst/FCLK_CLK0 |                                                                                                                                                                 |                                                                                                                                             |               29 |            228 |
+--------------------------------------------------+-----------------------------------------------------------------------------------------------------------------------------------------------------------------+---------------------------------------------------------------------------------------------------------------------------------------------+------------------+----------------+


