12:43:15 **** Incremental Build of configuration Debug for project TRNG_PROGRAM ****
make pre-build main-build 
a9-linaro-pre-build-step
' '
make: Nothing to be done for `main-build'.
12:43:26 **** Incremental Build of configuration Debug for project TRNG_PROGRAM ****
make pre-build main-build 
a9-linaro-pre-build-step
' '
make: Nothing to be done for `main-build'.
12:43:55 **** Incremental Build of configuration Debug for project TRNG_PROGRAM ****
make pre-build main-build 
a9-linaro-pre-build-step
' '
make: Nothing to be done for `main-build'.
12:44:53 **** Auto Build of configuration Debug for project TRNG_PROGRAM ****
make pre-build main-build 
a9-linaro-pre-build-step
' '
'Building file: ../src/helloworld.c'
'Invoking: ARM v7 gcc compiler'
arm-none-eabi-gcc -Wall -O0 -g3 -c -fmessage-length=0 -MT"src/helloworld.o" -mcpu=cortex-a9 -mfpu=vfpv3 -mfloat-abi=hard -I../../TRNG_PROGRAM_bsp/ps7_cortexa9_0/include -MMD -MP -MF"src/helloworld.d" -MT"src/helloworld.o" -o "src/helloworld.o" "../src/helloworld.c"
../src/helloworld.c: In function 'main':
../src/helloworld.c:60:14: warning: variable 'ready_flag' set but not used [-Wunused-but-set-variable]
     uint32_t ready_flag;
              ^~~~~~~~~~
'Finished building: ../src/helloworld.c'
' '
'Building target: TRNG_PROGRAM.elf'
'Invoking: ARM v7 gcc linker'
arm-none-eabi-gcc -mcpu=cortex-a9 -mfpu=vfpv3 -mfloat-abi=hard -Wl,-build-id=none -specs=Xilinx.spec -Wl,-T -Wl,../src/lscript.ld -L../../TRNG_PROGRAM_bsp/ps7_cortexa9_0/lib -o "TRNG_PROGRAM.elf"  ./src/helloworld.o ./src/platform.o   -Wl,--start-group,-lxil,-lgcc,-lc,--end-group
'Finished building target: TRNG_PROGRAM.elf'
' '
'Invoking: ARM v7 Print Size'
arm-none-eabi-size TRNG_PROGRAM.elf  |tee "TRNG_PROGRAM.elf.size"
   text	   data	    bss	    dec	    hex	filename
  22268	   1144	  22568	  45980	   b39c	TRNG_PROGRAM.elf
'Finished building: TRNG_PROGRAM.elf.size'
' '
12:45:20 **** Auto Build of configuration Debug for project TRNG_PROGRAM ****
make pre-build main-build 
a9-linaro-pre-build-step
' '
'Building file: ../src/helloworld.c'
'Invoking: ARM v7 gcc compiler'
arm-none-eabi-gcc -Wall -O0 -g3 -c -fmessage-length=0 -MT"src/helloworld.o" -mcpu=cortex-a9 -mfpu=vfpv3 -mfloat-abi=hard -I../../TRNG_PROGRAM_bsp/ps7_cortexa9_0/include -MMD -MP -MF"src/helloworld.d" -MT"src/helloworld.o" -o "src/helloworld.o" "../src/helloworld.c"
'Finished building: ../src/helloworld.c'
' '
'Building target: TRNG_PROGRAM.elf'
'Invoking: ARM v7 gcc linker'
arm-none-eabi-gcc -mcpu=cortex-a9 -mfpu=vfpv3 -mfloat-abi=hard -Wl,-build-id=none -specs=Xilinx.spec -Wl,-T -Wl,../src/lscript.ld -L../../TRNG_PROGRAM_bsp/ps7_cortexa9_0/lib -o "TRNG_PROGRAM.elf"  ./src/helloworld.o ./src/platform.o   -Wl,--start-group,-lxil,-lgcc,-lc,--end-group
'Finished building target: TRNG_PROGRAM.elf'
' '
'Invoking: ARM v7 Print Size'
arm-none-eabi-size TRNG_PROGRAM.elf  |tee "TRNG_PROGRAM.elf.size"
   text	   data	    bss	    dec	    hex	filename
  22404	   1144	  22568	  46116	   b424	TRNG_PROGRAM.elf
'Finished building: TRNG_PROGRAM.elf.size'
' '
12:45:38 **** Auto Build of configuration Debug for project TRNG_PROGRAM ****
make pre-build main-build 
a9-linaro-pre-build-step
' '
'Building file: ../src/helloworld.c'
'Invoking: ARM v7 gcc compiler'
arm-none-eabi-gcc -Wall -O0 -g3 -c -fmessage-length=0 -MT"src/helloworld.o" -mcpu=cortex-a9 -mfpu=vfpv3 -mfloat-abi=hard -I../../TRNG_PROGRAM_bsp/ps7_cortexa9_0/include -MMD -MP -MF"src/helloworld.d" -MT"src/helloworld.o" -o "src/helloworld.o" "../src/helloworld.c"
'Finished building: ../src/helloworld.c'
' '
'Building target: TRNG_PROGRAM.elf'
'Invoking: ARM v7 gcc linker'
arm-none-eabi-gcc -mcpu=cortex-a9 -mfpu=vfpv3 -mfloat-abi=hard -Wl,-build-id=none -specs=Xilinx.spec -Wl,-T -Wl,../src/lscript.ld -L../../TRNG_PROGRAM_bsp/ps7_cortexa9_0/lib -o "TRNG_PROGRAM.elf"  ./src/helloworld.o ./src/platform.o   -Wl,--start-group,-lxil,-lgcc,-lc,--end-group
'Finished building target: TRNG_PROGRAM.elf'
' '
'Invoking: ARM v7 Print Size'
arm-none-eabi-size TRNG_PROGRAM.elf  |tee "TRNG_PROGRAM.elf.size"
   text	   data	    bss	    dec	    hex	filename
  22404	   1144	  22568	  46116	   b424	TRNG_PROGRAM.elf
'Finished building: TRNG_PROGRAM.elf.size'
' '
12:45:43 **** Incremental Build of configuration Debug for project TRNG_PROGRAM ****
make pre-build main-build 
a9-linaro-pre-build-step
' '
make: Nothing to be done for `main-build'.
12:51:53 **** Incremental Build of configuration Debug for project TRNG_PROGRAM ****
make pre-build main-build 
a9-linaro-pre-build-step
' '
make: Nothing to be done for `main-build'.
12:52:43 **** Incremental Build of configuration Debug for project TRNG_PROGRAM ****
make pre-build main-build 
a9-linaro-pre-build-step
' '
make: Nothing to be done for `main-build'.
12:56:17 **** Auto Build of configuration Debug for project TRNG_PROGRAM ****
make pre-build main-build 
a9-linaro-pre-build-step
' '
'Building file: ../src/helloworld.c'
'Invoking: ARM v7 gcc compiler'
arm-none-eabi-gcc -Wall -O0 -g3 -c -fmessage-length=0 -MT"src/helloworld.o" -mcpu=cortex-a9 -mfpu=vfpv3 -mfloat-abi=hard -I../../TRNG_PROGRAM_bsp/ps7_cortexa9_0/include -MMD -MP -MF"src/helloworld.d" -MT"src/helloworld.o" -o "src/helloworld.o" "../src/helloworld.c"
'Finished building: ../src/helloworld.c'
' '
'Building target: TRNG_PROGRAM.elf'
'Invoking: ARM v7 gcc linker'
arm-none-eabi-gcc -mcpu=cortex-a9 -mfpu=vfpv3 -mfloat-abi=hard -Wl,-build-id=none -specs=Xilinx.spec -Wl,-T -Wl,../src/lscript.ld -L../../TRNG_PROGRAM_bsp/ps7_cortexa9_0/lib -o "TRNG_PROGRAM.elf"  ./src/helloworld.o ./src/platform.o   -Wl,--start-group,-lxil,-lgcc,-lc,--end-group
'Finished building target: TRNG_PROGRAM.elf'
' '
'Invoking: ARM v7 Print Size'
arm-none-eabi-size TRNG_PROGRAM.elf  |tee "TRNG_PROGRAM.elf.size"
   text	   data	    bss	    dec	    hex	filename
  22404	   1144	  22568	  46116	   b424	TRNG_PROGRAM.elf
'Finished building: TRNG_PROGRAM.elf.size'
' '
12:56:20 **** Incremental Build of configuration Debug for project TRNG_PROGRAM ****
make pre-build main-build 
a9-linaro-pre-build-step
' '
make: Nothing to be done for `main-build'.
12:56:51 **** Incremental Build of configuration Debug for project TRNG_PROGRAM ****
make pre-build main-build 
a9-linaro-pre-build-step
' '
make: Nothing to be done for `main-build'.
13:02:49 **** Incremental Build of configuration Debug for project TRNG_PROGRAM ****
make pre-build main-build 
a9-linaro-pre-build-step
' '
make: Nothing to be done for `main-build'.
13:21:42 **** Incremental Build of configuration Debug for project TRNG_PROGRAM ****
make pre-build main-build 
a9-linaro-pre-build-step
' '
make: Nothing to be done for `main-build'.
13:22:03 **** Incremental Build of configuration Debug for project TRNG_PROGRAM ****
make pre-build main-build 
a9-linaro-pre-build-step
' '
make: Nothing to be done for `main-build'.
13:27:30 **** Auto Build of configuration Debug for project TRNG_PROGRAM ****
make pre-build main-build 
a9-linaro-pre-build-step
' '
'Building file: ../src/helloworld.c'
'Invoking: ARM v7 gcc compiler'
arm-none-eabi-gcc -Wall -O0 -g3 -c -fmessage-length=0 -MT"src/helloworld.o" -mcpu=cortex-a9 -mfpu=vfpv3 -mfloat-abi=hard -I../../TRNG_PROGRAM_bsp/ps7_cortexa9_0/include -MMD -MP -MF"src/helloworld.d" -MT"src/helloworld.o" -o "src/helloworld.o" "../src/helloworld.c"
'Finished building: ../src/helloworld.c'
' '
'Building target: TRNG_PROGRAM.elf'
'Invoking: ARM v7 gcc linker'
arm-none-eabi-gcc -mcpu=cortex-a9 -mfpu=vfpv3 -mfloat-abi=hard -Wl,-build-id=none -specs=Xilinx.spec -Wl,-T -Wl,../src/lscript.ld -L../../TRNG_PROGRAM_bsp/ps7_cortexa9_0/lib -o "TRNG_PROGRAM.elf"  ./src/helloworld.o ./src/platform.o   -Wl,--start-group,-lxil,-lgcc,-lc,--end-group
'Finished building target: TRNG_PROGRAM.elf'
' '
'Invoking: ARM v7 Print Size'
arm-none-eabi-size TRNG_PROGRAM.elf  |tee "TRNG_PROGRAM.elf.size"
   text	   data	    bss	    dec	    hex	filename
  22404	   1144	  22568	  46116	   b424	TRNG_PROGRAM.elf
'Finished building: TRNG_PROGRAM.elf.size'
' '
13:27:36 **** Incremental Build of configuration Debug for project TRNG_PROGRAM ****
make pre-build main-build 
a9-linaro-pre-build-step
' '
make: Nothing to be done for `main-build'.
13:28:05 **** Incremental Build of configuration Debug for project TRNG_PROGRAM ****
make pre-build main-build 
a9-linaro-pre-build-step
' '
make: Nothing to be done for `main-build'.
13:34:42 **** Auto Build of configuration Debug for project TRNG_PROGRAM ****
make pre-build main-build 
a9-linaro-pre-build-step
' '
'Building file: ../src/helloworld.c'
'Invoking: ARM v7 gcc compiler'
arm-none-eabi-gcc -Wall -O0 -g3 -c -fmessage-length=0 -MT"src/helloworld.o" -mcpu=cortex-a9 -mfpu=vfpv3 -mfloat-abi=hard -I../../TRNG_PROGRAM_bsp/ps7_cortexa9_0/include -MMD -MP -MF"src/helloworld.d" -MT"src/helloworld.o" -o "src/helloworld.o" "../src/helloworld.c"
'Finished building: ../src/helloworld.c'
' '
'Building target: TRNG_PROGRAM.elf'
'Invoking: ARM v7 gcc linker'
arm-none-eabi-gcc -mcpu=cortex-a9 -mfpu=vfpv3 -mfloat-abi=hard -Wl,-build-id=none -specs=Xilinx.spec -Wl,-T -Wl,../src/lscript.ld -L../../TRNG_PROGRAM_bsp/ps7_cortexa9_0/lib -o "TRNG_PROGRAM.elf"  ./src/helloworld.o ./src/platform.o   -Wl,--start-group,-lxil,-lgcc,-lc,--end-group
'Finished building target: TRNG_PROGRAM.elf'
' '
'Invoking: ARM v7 Print Size'
arm-none-eabi-size TRNG_PROGRAM.elf  |tee "TRNG_PROGRAM.elf.size"
   text	   data	    bss	    dec	    hex	filename
  22392	   1144	  22568	  46104	   b418	TRNG_PROGRAM.elf
'Finished building: TRNG_PROGRAM.elf.size'
' '
