23:33:18 **** Auto Build of configuration Debug for project Test_TRNG ****
make pre-build main-build 
a9-linaro-pre-build-step
' '
'Building file: ../src/helloworld.c'
'Invoking: ARM v7 gcc compiler'
arm-none-eabi-gcc -Wall -O0 -g3 -c -fmessage-length=0 -MT"src/helloworld.o" -mcpu=cortex-a9 -mfpu=vfpv3 -mfloat-abi=hard -I../../Test_TRNG_bsp/ps7_cortexa9_0/include -MMD -MP -MF"src/helloworld.d" -MT"src/helloworld.o" -o "src/helloworld.o" "../src/helloworld.c"
'Finished building: ../src/helloworld.c'
' '
'Building target: Test_TRNG.elf'
'Invoking: ARM v7 gcc linker'
arm-none-eabi-gcc -mcpu=cortex-a9 -mfpu=vfpv3 -mfloat-abi=hard -Wl,-build-id=none -specs=Xilinx.spec -Wl,-T -Wl,../src/lscript.ld -L../../Test_TRNG_bsp/ps7_cortexa9_0/lib -o "Test_TRNG.elf"  ./src/helloworld.o ./src/platform.o   -Wl,--start-group,-lxil,-lgcc,-lc,--end-group
'Finished building target: Test_TRNG.elf'
' '
'Invoking: ARM v7 Print Size'
arm-none-eabi-size Test_TRNG.elf  |tee "Test_TRNG.elf.size"
   text	   data	    bss	    dec	    hex	filename
  22220	   1144	  22568	  45932	   b36c	Test_TRNG.elf
'Finished building: Test_TRNG.elf.size'
' '

23:33:20 Build Finished (took 2s.34ms)

