
*** Running vivado
    with args -log TRNG_BOCK_TRNG_IP_0_0.vds -m64 -product Vivado -mode batch -messageDb vivado.pb -notrace -source TRNG_BOCK_TRNG_IP_0_0.tcl


****** Vivado v2018.2 (64-bit)
  **** SW Build 2258646 on Thu Jun 14 20:03:12 MDT 2018
  **** IP Build 2256618 on Thu Jun 14 22:10:49 MDT 2018
    ** Copyright 1986-2018 Xilinx, Inc. All Rights Reserved.

source TRNG_BOCK_TRNG_IP_0_0.tcl -notrace
Command: synth_design -top TRNG_BOCK_TRNG_IP_0_0 -part xc7z020clg400-1 -mode out_of_context
Starting synth_design
Attempting to get a license for feature 'Synthesis' and/or device 'xc7z020'
INFO: [Common 17-349] Got license for feature 'Synthesis' and/or device 'xc7z020'
INFO: Launching helper process for spawning children vivado processes
INFO: Helper process launched with PID 158524 
---------------------------------------------------------------------------------
Starting Synthesize : Time (s): cpu = 00:00:03 ; elapsed = 00:00:03 . Memory (MB): peak = 364.105 ; gain = 97.395
---------------------------------------------------------------------------------
INFO: [Synth 8-6157] synthesizing module 'TRNG_BOCK_TRNG_IP_0_0' [c:/Users/Admin/Documents/vivado/exercise/TRNG/TRNG.srcs/sources_1/bd/TRNG_BOCK/ip/TRNG_BOCK_TRNG_IP_0_0/synth/TRNG_BOCK_TRNG_IP_0_0.v:57]
INFO: [Synth 8-6157] synthesizing module 'TRNG_IP_v1_0' [c:/Users/Admin/Documents/vivado/exercise/TRNG/TRNG.srcs/sources_1/bd/TRNG_BOCK/ipshared/804f/hdl/TRNG_IP_v1_0.v:4]
	Parameter C_S00_AXI_DATA_WIDTH bound to: 32 - type: integer 
	Parameter C_S00_AXI_ADDR_WIDTH bound to: 4 - type: integer 
INFO: [Synth 8-6157] synthesizing module 'TRNG_IP_v1_0_S00_AXI' [c:/Users/Admin/Documents/vivado/exercise/TRNG/TRNG.srcs/sources_1/bd/TRNG_BOCK/ipshared/804f/hdl/TRNG_IP_v1_0_S00_AXI.v:4]
	Parameter C_S_AXI_DATA_WIDTH bound to: 32 - type: integer 
	Parameter C_S_AXI_ADDR_WIDTH bound to: 4 - type: integer 
	Parameter ADDR_LSB bound to: 2 - type: integer 
	Parameter OPT_MEM_ADDR_BITS bound to: 1 - type: integer 
INFO: [Synth 8-226] default block is never used [c:/Users/Admin/Documents/vivado/exercise/TRNG/TRNG.srcs/sources_1/bd/TRNG_BOCK/ipshared/804f/hdl/TRNG_IP_v1_0_S00_AXI.v:231]
INFO: [Synth 8-226] default block is never used [c:/Users/Admin/Documents/vivado/exercise/TRNG/TRNG.srcs/sources_1/bd/TRNG_BOCK/ipshared/804f/hdl/TRNG_IP_v1_0_S00_AXI.v:372]
WARNING: [Synth 8-6014] Unused sequential element slv_reg0_reg was removed.  [c:/Users/Admin/Documents/vivado/exercise/TRNG/TRNG.srcs/sources_1/bd/TRNG_BOCK/ipshared/804f/hdl/TRNG_IP_v1_0_S00_AXI.v:223]
INFO: [Synth 8-6155] done synthesizing module 'TRNG_IP_v1_0_S00_AXI' (1#1) [c:/Users/Admin/Documents/vivado/exercise/TRNG/TRNG.srcs/sources_1/bd/TRNG_BOCK/ipshared/804f/hdl/TRNG_IP_v1_0_S00_AXI.v:4]
INFO: [Synth 8-6155] done synthesizing module 'TRNG_IP_v1_0' (2#1) [c:/Users/Admin/Documents/vivado/exercise/TRNG/TRNG.srcs/sources_1/bd/TRNG_BOCK/ipshared/804f/hdl/TRNG_IP_v1_0.v:4]
INFO: [Synth 8-6155] done synthesizing module 'TRNG_BOCK_TRNG_IP_0_0' (3#1) [c:/Users/Admin/Documents/vivado/exercise/TRNG/TRNG.srcs/sources_1/bd/TRNG_BOCK/ip/TRNG_BOCK_TRNG_IP_0_0/synth/TRNG_BOCK_TRNG_IP_0_0.v:57]
WARNING: [Synth 8-3331] design TRNG_IP_v1_0_S00_AXI has unconnected port S_AXI_AWPROT[2]
WARNING: [Synth 8-3331] design TRNG_IP_v1_0_S00_AXI has unconnected port S_AXI_AWPROT[1]
WARNING: [Synth 8-3331] design TRNG_IP_v1_0_S00_AXI has unconnected port S_AXI_AWPROT[0]
WARNING: [Synth 8-3331] design TRNG_IP_v1_0_S00_AXI has unconnected port S_AXI_ARPROT[2]
WARNING: [Synth 8-3331] design TRNG_IP_v1_0_S00_AXI has unconnected port S_AXI_ARPROT[1]
WARNING: [Synth 8-3331] design TRNG_IP_v1_0_S00_AXI has unconnected port S_AXI_ARPROT[0]
---------------------------------------------------------------------------------
Finished Synthesize : Time (s): cpu = 00:00:03 ; elapsed = 00:00:04 . Memory (MB): peak = 419.297 ; gain = 152.586
---------------------------------------------------------------------------------
---------------------------------------------------------------------------------
Finished Constraint Validation : Time (s): cpu = 00:00:03 ; elapsed = 00:00:04 . Memory (MB): peak = 419.297 ; gain = 152.586
---------------------------------------------------------------------------------
---------------------------------------------------------------------------------
Start Loading Part and Timing Information
---------------------------------------------------------------------------------
Loading part: xc7z020clg400-1
---------------------------------------------------------------------------------
Finished Loading Part and Timing Information : Time (s): cpu = 00:00:03 ; elapsed = 00:00:04 . Memory (MB): peak = 419.297 ; gain = 152.586
---------------------------------------------------------------------------------
INFO: [Device 21-403] Loading part xc7z020clg400-1
---------------------------------------------------------------------------------
Finished RTL Optimization Phase 2 : Time (s): cpu = 00:00:04 ; elapsed = 00:00:04 . Memory (MB): peak = 419.297 ; gain = 152.586
---------------------------------------------------------------------------------

Report RTL Partitions: 
+-+--------------+------------+----------+
| |RTL Partition |Replication |Instances |
+-+--------------+------------+----------+
+-+--------------+------------+----------+
No constraint files found.
---------------------------------------------------------------------------------
Start RTL Component Statistics 
---------------------------------------------------------------------------------
Detailed RTL Component Info : 
+---Registers : 
	               32 Bit    Registers := 4     
	                4 Bit    Registers := 2     
	                2 Bit    Registers := 2     
	                1 Bit    Registers := 6     
+---Muxes : 
	   2 Input     32 Bit        Muxes := 3     
	   4 Input     32 Bit        Muxes := 4     
	   2 Input      1 Bit        Muxes := 5     
---------------------------------------------------------------------------------
Finished RTL Component Statistics 
---------------------------------------------------------------------------------
---------------------------------------------------------------------------------
Start RTL Hierarchical Component Statistics 
---------------------------------------------------------------------------------
Hierarchical RTL Component report 
Module TRNG_IP_v1_0_S00_AXI 
Detailed RTL Component Info : 
+---Registers : 
	               32 Bit    Registers := 4     
	                4 Bit    Registers := 2     
	                2 Bit    Registers := 2     
	                1 Bit    Registers := 6     
+---Muxes : 
	   2 Input     32 Bit        Muxes := 3     
	   4 Input     32 Bit        Muxes := 4     
	   2 Input      1 Bit        Muxes := 5     
---------------------------------------------------------------------------------
Finished RTL Hierarchical Component Statistics
---------------------------------------------------------------------------------
---------------------------------------------------------------------------------
Start Part Resource Summary
---------------------------------------------------------------------------------
Part Resources:
DSPs: 220 (col length:60)
BRAMs: 280 (col length: RAMB18 60 RAMB36 30)
---------------------------------------------------------------------------------
Finished Part Resource Summary
---------------------------------------------------------------------------------
No constraint files found.
---------------------------------------------------------------------------------
Start Cross Boundary and Area Optimization
---------------------------------------------------------------------------------
Warning: Parallel synthesis criteria is not met 
WARNING: [Synth 8-3331] design TRNG_BOCK_TRNG_IP_0_0 has unconnected port s00_axi_awprot[2]
WARNING: [Synth 8-3331] design TRNG_BOCK_TRNG_IP_0_0 has unconnected port s00_axi_awprot[1]
WARNING: [Synth 8-3331] design TRNG_BOCK_TRNG_IP_0_0 has unconnected port s00_axi_awprot[0]
WARNING: [Synth 8-3331] design TRNG_BOCK_TRNG_IP_0_0 has unconnected port s00_axi_arprot[2]
WARNING: [Synth 8-3331] design TRNG_BOCK_TRNG_IP_0_0 has unconnected port s00_axi_arprot[1]
WARNING: [Synth 8-3331] design TRNG_BOCK_TRNG_IP_0_0 has unconnected port s00_axi_arprot[0]
INFO: [Synth 8-3886] merging instance 'inst/TRNG_IP_v1_0_S00_AXI_inst/axi_rresp_reg[0]' (FDRE) to 'inst/TRNG_IP_v1_0_S00_AXI_inst/axi_rresp_reg[1]'
INFO: [Synth 8-3333] propagating constant 0 across sequential element (\inst/TRNG_IP_v1_0_S00_AXI_inst/axi_rresp_reg[1] )
INFO: [Synth 8-3886] merging instance 'inst/TRNG_IP_v1_0_S00_AXI_inst/axi_bresp_reg[0]' (FDRE) to 'inst/TRNG_IP_v1_0_S00_AXI_inst/axi_bresp_reg[1]'
INFO: [Synth 8-3333] propagating constant 0 across sequential element (\inst/TRNG_IP_v1_0_S00_AXI_inst/axi_bresp_reg[1] )
INFO: [Synth 8-3332] Sequential element (inst/TRNG_IP_v1_0_S00_AXI_inst/axi_bresp_reg[1]) is unused and will be removed from module TRNG_BOCK_TRNG_IP_0_0.
INFO: [Synth 8-3332] Sequential element (inst/TRNG_IP_v1_0_S00_AXI_inst/axi_araddr_reg[1]) is unused and will be removed from module TRNG_BOCK_TRNG_IP_0_0.
INFO: [Synth 8-3332] Sequential element (inst/TRNG_IP_v1_0_S00_AXI_inst/axi_araddr_reg[0]) is unused and will be removed from module TRNG_BOCK_TRNG_IP_0_0.
INFO: [Synth 8-3332] Sequential element (inst/TRNG_IP_v1_0_S00_AXI_inst/axi_awaddr_reg[1]) is unused and will be removed from module TRNG_BOCK_TRNG_IP_0_0.
INFO: [Synth 8-3332] Sequential element (inst/TRNG_IP_v1_0_S00_AXI_inst/axi_awaddr_reg[0]) is unused and will be removed from module TRNG_BOCK_TRNG_IP_0_0.
INFO: [Synth 8-3332] Sequential element (inst/TRNG_IP_v1_0_S00_AXI_inst/axi_rresp_reg[1]) is unused and will be removed from module TRNG_BOCK_TRNG_IP_0_0.
---------------------------------------------------------------------------------
Finished Cross Boundary and Area Optimization : Time (s): cpu = 00:00:07 ; elapsed = 00:00:11 . Memory (MB): peak = 583.227 ; gain = 316.516
---------------------------------------------------------------------------------

Report RTL Partitions: 
+-+--------------+------------+----------+
| |RTL Partition |Replication |Instances |
+-+--------------+------------+----------+
+-+--------------+------------+----------+
No constraint files found.
---------------------------------------------------------------------------------
Start Timing Optimization
---------------------------------------------------------------------------------
---------------------------------------------------------------------------------
Finished Timing Optimization : Time (s): cpu = 00:00:07 ; elapsed = 00:00:11 . Memory (MB): peak = 583.227 ; gain = 316.516
---------------------------------------------------------------------------------

Report RTL Partitions: 
+-+--------------+------------+----------+
| |RTL Partition |Replication |Instances |
+-+--------------+------------+----------+
+-+--------------+------------+----------+
---------------------------------------------------------------------------------
Start Technology Mapping
---------------------------------------------------------------------------------
---------------------------------------------------------------------------------
Finished Technology Mapping : Time (s): cpu = 00:00:07 ; elapsed = 00:00:12 . Memory (MB): peak = 583.227 ; gain = 316.516
---------------------------------------------------------------------------------

Report RTL Partitions: 
+-+--------------+------------+----------+
| |RTL Partition |Replication |Instances |
+-+--------------+------------+----------+
+-+--------------+------------+----------+
---------------------------------------------------------------------------------
Start IO Insertion
---------------------------------------------------------------------------------
---------------------------------------------------------------------------------
Start Flattening Before IO Insertion
---------------------------------------------------------------------------------
---------------------------------------------------------------------------------
Finished Flattening Before IO Insertion
---------------------------------------------------------------------------------
---------------------------------------------------------------------------------
Start Final Netlist Cleanup
---------------------------------------------------------------------------------
---------------------------------------------------------------------------------
Finished Final Netlist Cleanup
---------------------------------------------------------------------------------
---------------------------------------------------------------------------------
Finished IO Insertion : Time (s): cpu = 00:00:08 ; elapsed = 00:00:13 . Memory (MB): peak = 583.227 ; gain = 316.516
---------------------------------------------------------------------------------

Report Check Netlist: 
+------+------------------+-------+---------+-------+------------------+
|      |Item              |Errors |Warnings |Status |Description       |
+------+------------------+-------+---------+-------+------------------+
|1     |multi_driven_nets |      0|        0|Passed |Multi driven nets |
+------+------------------+-------+---------+-------+------------------+
---------------------------------------------------------------------------------
Start Renaming Generated Instances
---------------------------------------------------------------------------------
---------------------------------------------------------------------------------
Finished Renaming Generated Instances : Time (s): cpu = 00:00:08 ; elapsed = 00:00:13 . Memory (MB): peak = 583.227 ; gain = 316.516
---------------------------------------------------------------------------------

Report RTL Partitions: 
+-+--------------+------------+----------+
| |RTL Partition |Replication |Instances |
+-+--------------+------------+----------+
+-+--------------+------------+----------+
---------------------------------------------------------------------------------
Start Rebuilding User Hierarchy
---------------------------------------------------------------------------------
---------------------------------------------------------------------------------
Finished Rebuilding User Hierarchy : Time (s): cpu = 00:00:08 ; elapsed = 00:00:13 . Memory (MB): peak = 583.227 ; gain = 316.516
---------------------------------------------------------------------------------
---------------------------------------------------------------------------------
Start Renaming Generated Ports
---------------------------------------------------------------------------------
---------------------------------------------------------------------------------
Finished Renaming Generated Ports : Time (s): cpu = 00:00:08 ; elapsed = 00:00:13 . Memory (MB): peak = 583.227 ; gain = 316.516
---------------------------------------------------------------------------------
---------------------------------------------------------------------------------
Start Handling Custom Attributes
---------------------------------------------------------------------------------
---------------------------------------------------------------------------------
Finished Handling Custom Attributes : Time (s): cpu = 00:00:08 ; elapsed = 00:00:13 . Memory (MB): peak = 583.227 ; gain = 316.516
---------------------------------------------------------------------------------
---------------------------------------------------------------------------------
Start Renaming Generated Nets
---------------------------------------------------------------------------------
---------------------------------------------------------------------------------
Finished Renaming Generated Nets : Time (s): cpu = 00:00:08 ; elapsed = 00:00:13 . Memory (MB): peak = 583.227 ; gain = 316.516
---------------------------------------------------------------------------------
---------------------------------------------------------------------------------
Start Writing Synthesis Report
---------------------------------------------------------------------------------

Report BlackBoxes: 
+-+--------------+----------+
| |BlackBox name |Instances |
+-+--------------+----------+
+-+--------------+----------+

Report Cell Usage: 
+------+-----+------+
|      |Cell |Count |
+------+-----+------+
|1     |LUT1 |     1|
|2     |LUT2 |     1|
|3     |LUT3 |     1|
|4     |LUT4 |    18|
|5     |LUT5 |    31|
|6     |LUT6 |     5|
|7     |FDRE |   137|
|8     |FDSE |     1|
+------+-----+------+

Report Instance Areas: 
+------+------------------------------+---------------------+------+
|      |Instance                      |Module               |Cells |
+------+------------------------------+---------------------+------+
|1     |top                           |                     |   195|
|2     |  inst                        |TRNG_IP_v1_0         |   195|
|3     |    TRNG_IP_v1_0_S00_AXI_inst |TRNG_IP_v1_0_S00_AXI |   195|
+------+------------------------------+---------------------+------+
---------------------------------------------------------------------------------
Finished Writing Synthesis Report : Time (s): cpu = 00:00:08 ; elapsed = 00:00:13 . Memory (MB): peak = 583.227 ; gain = 316.516
---------------------------------------------------------------------------------
Synthesis finished with 0 errors, 0 critical warnings and 13 warnings.
Synthesis Optimization Runtime : Time (s): cpu = 00:00:08 ; elapsed = 00:00:13 . Memory (MB): peak = 583.227 ; gain = 316.516
Synthesis Optimization Complete : Time (s): cpu = 00:00:08 ; elapsed = 00:00:13 . Memory (MB): peak = 583.227 ; gain = 316.516
INFO: [Project 1-571] Translating synthesized netlist
INFO: [Project 1-570] Preparing netlist for logic optimization
INFO: [Opt 31-138] Pushed 0 inverter(s) to 0 load pin(s).
INFO: [Project 1-111] Unisim Transformation Summary:
No Unisim elements were transformed.

INFO: [Common 17-83] Releasing license: Synthesis
25 Infos, 13 Warnings, 0 Critical Warnings and 0 Errors encountered.
synth_design completed successfully
synth_design: Time (s): cpu = 00:00:11 ; elapsed = 00:00:19 . Memory (MB): peak = 690.465 ; gain = 429.684
WARNING: [Constraints 18-5210] No constraint will be written out.
INFO: [Timing 38-35] Done setting XDC timing constraints.
INFO: [Common 17-1381] The checkpoint 'C:/Users/Admin/Documents/vivado/exercise/TRNG/TRNG.runs/TRNG_BOCK_TRNG_IP_0_0_synth_1/TRNG_BOCK_TRNG_IP_0_0.dcp' has been generated.
write_checkpoint: Time (s): cpu = 00:00:09 ; elapsed = 00:00:19 . Memory (MB): peak = 1192.445 ; gain = 501.980
