Vivado Simulator 2018.2
Copyright 1986-1999, 2001-2018 Xilinx, Inc. All Rights Reserved.
Running: C:/Users/Admin/Documents/vivado/Vivado/2018.2/bin/unwrapped/win64.o/xelab.exe -wto 818a9db5cd6748348c8609d38885b059 --incr --debug typical --relax --mt 2 --maxdelay -L xil_defaultlib -L simprims_ver -L secureip --snapshot s_trng_tb_time_impl -transport_int_delays -pulse_r 0 -pulse_int_r 0 -pulse_e 0 -pulse_int_e 0 xil_defaultlib.s_trng_tb xil_defaultlib.glbl -log elaborate.log 
Using 2 slave threads.
Starting static elaboration
Completed static elaboration
Starting simulation data flow analysis
Completed simulation data flow analysis
INFO: [XSIM 43-3451] SDF backannotation process started with SDF file "s_trng_tb_time_impl.sdf", for root module "s_trng_tb/uut".
INFO: [XSIM 43-3452] SDF backannotation was successful for SDF file "s_trng_tb_time_impl.sdf", for root module "s_trng_tb/uut".
Time Resolution for simulation is 1ps
Compiling module simprims_ver.BUFG
Compiling module simprims_ver.IBUF
Compiling module simprims_ver.OBUF
Compiling module simprims_ver.LUT4
Compiling module simprims_ver.x_lut2_mux4
Compiling module simprims_ver.LUT2
Compiling module xil_defaultlib.sub_ring_1__1
Compiling module xil_defaultlib.sub_ring_1
Compiling module simprims_ver.x_lut1_mux2
Compiling module simprims_ver.LUT1
Compiling module xil_defaultlib.sub_ring_3__1
Compiling module xil_defaultlib.sub_ring_3
Compiling module simprims_ver.FDRE_default
Compiling module xil_defaultlib.S_TRNG
Compiling module xil_defaultlib.s_trng_tb
Compiling module xil_defaultlib.glbl
Built simulation snapshot s_trng_tb_time_impl
